Duplicated file found; will not be sent for synthesis: /home/brett/workspace/Vivado_WS/ethernet-fmc-network-tap/Vivado/zedboard_network_tap/zedboard_network_tap.srcs/sources_1/bd/design_1/ipshared/xilinx.com/gmii_to_rgmii_v4_0/hdl/gmii_to_rgmii_v4_0_vhsyn_rfs.vhd
Duplicated file found; will not be sent for synthesis: /home/brett/workspace/Vivado_WS/ethernet-fmc-network-tap/Vivado/zedboard_network_tap/zedboard_network_tap.srcs/sources_1/bd/design_1/ipshared/xilinx.com/util_reduced_logic_v2_0/hdl/util_reduced_logic.vhd
Duplicated file found; will not be sent for synthesis: /home/brett/workspace/Vivado_WS/ethernet-fmc-network-tap/Vivado/zedboard_network_tap/zedboard_network_tap.srcs/sources_1/bd/design_1/ipshared/xilinx.com/xlconstant_v1_1/xlconstant.vhd
Duplicated file found; will not be sent for synthesis: /home/brett/workspace/Vivado_WS/ethernet-fmc-network-tap/Vivado/zedboard_network_tap/zedboard_network_tap.srcs/sources_1/bd/design_1/ipshared/xilinx.com/blk_mem_gen_v8_3/hdl/blk_mem_gen_v8_3_vhsyn_rfs.vhd
Duplicated file found; will not be sent for synthesis: /home/brett/workspace/Vivado_WS/ethernet-fmc-network-tap/Vivado/zedboard_network_tap/zedboard_network_tap.srcs/sources_1/bd/design_1/ipshared/xilinx.com/blk_mem_gen_v8_3/hdl/blk_mem_gen_v8_3.vhd
Duplicated file found; will not be sent for synthesis: /home/brett/workspace/Vivado_WS/ethernet-fmc-network-tap/Vivado/zedboard_network_tap/zedboard_network_tap.srcs/sources_1/bd/design_1/ipshared/xilinx.com/fifo_generator_v13_1/hdl/fifo_generator_v13_1_vhsyn_rfs.vhd
Duplicated file found; will not be sent for synthesis: /home/brett/workspace/Vivado_WS/ethernet-fmc-network-tap/Vivado/zedboard_network_tap/zedboard_network_tap.srcs/sources_1/bd/design_1/ipshared/xilinx.com/fifo_generator_v13_1/hdl/fifo_generator_v13_1.vhd
Duplicated file found; will not be sent for synthesis: /home/brett/workspace/Vivado_WS/ethernet-fmc-network-tap/Vivado/zedboard_network_tap/zedboard_network_tap.srcs/sources_1/bd/design_1/ipshared/xilinx.com/util_vector_logic_v2_0/hdl/util_vector_logic.vhd
Duplicated file found; will not be sent for synthesis: /home/brett/workspace/Vivado_WS/ethernet-fmc-network-tap/Vivado/zedboard_network_tap/zedboard_network_tap.srcs/sources_1/bd/design_1/ipshared/xilinx.com/util_vector_logic_v2_0/hdl/util_vector_logic.vhd
Duplicated file found; will not be sent for synthesis: /home/brett/workspace/Vivado_WS/ethernet-fmc-network-tap/Vivado/zedboard_network_tap/zedboard_network_tap.srcs/sources_1/bd/design_1/ipshared/xilinx.com/xlconcat_v2_1/xlconcat.vhd
Duplicated file found; will not be sent for synthesis: /home/brett/workspace/Vivado_WS/ethernet-fmc-network-tap/Vivado/zedboard_network_tap/zedboard_network_tap.srcs/sources_1/bd/design_1/ipshared/xilinx.com/xlslice_v1_0/xlslice.vhd
Duplicated file found; will not be sent for synthesis: /home/brett/workspace/Vivado_WS/ethernet-fmc-network-tap/Vivado/zedboard_network_tap/zedboard_network_tap.srcs/sources_1/bd/design_1/ipshared/xilinx.com/xlslice_v1_0/xlslice.vhd
Duplicated file found; will not be sent for synthesis: /home/brett/workspace/Vivado_WS/ethernet-fmc-network-tap/Vivado/zedboard_network_tap/zedboard_network_tap.srcs/sources_1/bd/design_1/ipshared/xilinx.com/xlslice_v1_0/xlslice.vhd
Duplicated file found; will not be sent for synthesis: /home/brett/workspace/Vivado_WS/ethernet-fmc-network-tap/Vivado/zedboard_network_tap/zedboard_network_tap.srcs/sources_1/bd/design_1/ipshared/xilinx.com/xlslice_v1_0/xlslice.vhd
Duplicated file found; will not be sent for synthesis: /home/brett/workspace/Vivado_WS/ethernet-fmc-network-tap/Vivado/zedboard_network_tap/zedboard_network_tap.srcs/sources_1/bd/design_1/ipshared/xilinx.com/xlslice_v1_0/xlslice.vhd
Duplicated file found; will not be sent for synthesis: /home/brett/workspace/Vivado_WS/ethernet-fmc-network-tap/Vivado/zedboard_network_tap/zedboard_network_tap.srcs/sources_1/bd/design_1/ipshared/xilinx.com/util_vector_logic_v2_0/hdl/util_vector_logic.vhd
Duplicated file found; will not be sent for synthesis: /home/brett/workspace/Vivado_WS/ethernet-fmc-network-tap/Vivado/zedboard_network_tap/zedboard_network_tap.srcs/sources_1/bd/design_1/ipshared/xilinx.com/util_vector_logic_v2_0/hdl/util_vector_logic.vhd
Duplicated file found; will not be sent for synthesis: /home/brett/workspace/Vivado_WS/ethernet-fmc-network-tap/Vivado/zedboard_network_tap/zedboard_network_tap.srcs/sources_1/bd/design_1/ipshared/xilinx.com/util_vector_logic_v2_0/hdl/util_vector_logic.vhd
Duplicated file found; will not be sent for synthesis: /home/brett/workspace/Vivado_WS/ethernet-fmc-network-tap/Vivado/zedboard_network_tap/zedboard_network_tap.srcs/sources_1/bd/design_1/ipshared/xilinx.com/util_vector_logic_v2_0/hdl/util_vector_logic.vhd
Duplicated file found; will not be sent for synthesis: /home/brett/workspace/Vivado_WS/ethernet-fmc-network-tap/Vivado/zedboard_network_tap/zedboard_network_tap.srcs/sources_1/bd/design_1/ipshared/xilinx.com/util_vector_logic_v2_0/hdl/util_vector_logic.vhd
Duplicated file found; will not be sent for synthesis: /home/brett/workspace/Vivado_WS/ethernet-fmc-network-tap/Vivado/zedboard_network_tap/zedboard_network_tap.srcs/sources_1/bd/design_1/ipshared/xilinx.com/util_vector_logic_v2_0/hdl/util_vector_logic.vhd
Duplicated file found; will not be sent for synthesis: /home/brett/workspace/Vivado_WS/ethernet-fmc-network-tap/Vivado/zedboard_network_tap/zedboard_network_tap.srcs/sources_1/bd/design_1/ipshared/xilinx.com/util_vector_logic_v2_0/hdl/util_vector_logic.vhd
Duplicated file found; will not be sent for synthesis: /home/brett/workspace/Vivado_WS/ethernet-fmc-network-tap/Vivado/zedboard_network_tap/zedboard_network_tap.srcs/sources_1/bd/design_1/ipshared/xilinx.com/util_vector_logic_v2_0/hdl/util_vector_logic.vhd
CRC performance measure: elapsed=00:00:00s;;memory_peak=7264.070MB;;memory_gain=0.000MB
