Copyright 1986-2016 Xilinx, Inc. All Rights Reserved.
----------------------------------------------------------------------------------------------------------------------------------------------------------------------
| Tool Version     : Vivado v.2016.2 (lin64) Build 1577090 Thu Jun  2 16:32:35 MDT 2016
| Date             : Fri Aug 12 13:18:09 2016
| Host             : wintermute running 64-bit Ubuntu 14.04.5 LTS
| Command          : report_power -file design_1_wrapper_power_routed.rpt -pb design_1_wrapper_power_summary_routed.pb -rpx design_1_wrapper_power_routed.rpx
| Design           : design_1_wrapper
| Device           : xc7z020clg484-1
| Design State     : routed
| Grade            : commercial
| Process          : typical
| Characterization : Production
----------------------------------------------------------------------------------------------------------------------------------------------------------------------

Power Report

Table of Contents
-----------------
1. Summary
1.1 On-Chip Components
1.2 Power Supply Summary
1.3 Confidence Level
2. Settings
2.1 Environment
2.2 Clock Constraints
3. Detailed Reports
3.1 By Hierarchy

1. Summary
----------

+--------------------------+-------+
| Total On-Chip Power (W)  | 1.866 |
| Dynamic (W)              | 1.702 |
| Device Static (W)        | 0.164 |
| Effective TJA (C/W)      | 11.5  |
| Max Ambient (C)          | 63.5  |
| Junction Temperature (C) | 46.5  |
| Confidence Level         | Low   |
| Setting File             | ---   |
| Simulation Activity File | ---   |
| Design Nets Matched      | NA    |
+--------------------------+-------+


1.1 On-Chip Components
----------------------

+-------------------------+-----------+----------+-----------+-----------------+
| On-Chip                 | Power (W) | Used     | Available | Utilization (%) |
+-------------------------+-----------+----------+-----------+-----------------+
| Clocks                  |     0.014 |       16 |       --- |             --- |
| Slice Logic             |     0.004 |     2055 |       --- |             --- |
|   LUT as Logic          |     0.003 |      490 |     53200 |            0.92 |
|   Register              |    <0.001 |     1080 |    106400 |            1.02 |
|   CARRY4                |    <0.001 |       68 |     13300 |            0.51 |
|   Others                |    <0.001 |      353 |       --- |             --- |
|   LUT as Shift Register |    <0.001 |        2 |     17400 |            0.01 |
| Signals                 |     0.005 |     1395 |       --- |             --- |
| Block RAM               |     0.007 |        4 |       140 |            2.86 |
| MMCM                    |     0.107 |        1 |         4 |           25.00 |
| I/O                     |     0.035 |       30 |       200 |           15.00 |
| PS7                     |     1.529 |        1 |       --- |             --- |
| Static Power            |     0.164 |          |           |                 |
| Total                   |     1.866 |          |           |                 |
+-------------------------+-----------+----------+-----------+-----------------+


1.2 Power Supply Summary
------------------------

+-----------+-------------+-----------+-------------+------------+
| Source    | Voltage (V) | Total (A) | Dynamic (A) | Static (A) |
+-----------+-------------+-----------+-------------+------------+
| Vccint    |       1.000 |     0.047 |       0.031 |      0.016 |
| Vccaux    |       1.800 |     0.087 |       0.066 |      0.021 |
| Vcco33    |       3.300 |     0.001 |       0.000 |      0.001 |
| Vcco25    |       2.500 |     0.010 |       0.009 |      0.001 |
| Vcco18    |       1.800 |     0.001 |       0.000 |      0.001 |
| Vcco15    |       1.500 |     0.001 |       0.000 |      0.001 |
| Vcco135   |       1.350 |     0.000 |       0.000 |      0.000 |
| Vcco12    |       1.200 |     0.000 |       0.000 |      0.000 |
| Vccaux_io |       1.800 |     0.000 |       0.000 |      0.000 |
| Vccbram   |       1.000 |     0.002 |       0.001 |      0.001 |
| MGTAVcc   |       1.000 |     0.000 |       0.000 |      0.000 |
| MGTAVtt   |       1.200 |     0.000 |       0.000 |      0.000 |
| MGTVccaux |       1.800 |     0.000 |       0.000 |      0.000 |
| Vccpint   |       1.000 |     0.750 |       0.718 |      0.032 |
| Vccpaux   |       1.800 |     0.061 |       0.051 |      0.010 |
| Vccpll    |       1.800 |     0.017 |       0.014 |      0.003 |
| Vcco_ddr  |       1.500 |     0.459 |       0.457 |      0.002 |
| Vcco_mio0 |       3.300 |     0.003 |       0.002 |      0.001 |
| Vcco_mio1 |       1.800 |     0.003 |       0.002 |      0.001 |
| Vccadc    |       1.800 |     0.020 |       0.000 |      0.020 |
+-----------+-------------+-----------+-------------+------------+


1.3 Confidence Level
--------------------

+-----------------------------+------------+--------------------------------------------------------+------------------------------------------------------------------------------------------------------------+
| User Input Data             | Confidence | Details                                                | Action                                                                                                     |
+-----------------------------+------------+--------------------------------------------------------+------------------------------------------------------------------------------------------------------------+
| Design implementation state | High       | Design is routed                                       |                                                                                                            |
| Clock nodes activity        | High       | User specified more than 95% of clocks                 |                                                                                                            |
| I/O nodes activity          | Low        | More than 75% of inputs are missing user specification | Provide missing input activity with simulation results or by editing the "By Resource Type -> I/Os" view   |
| Internal nodes activity     | Medium     | User specified less than 25% of internal nodes         | Provide missing internal nodes activity with simulation results or by editing the "By Resource Type" views |
| Device models               | High       | Device models are Production                           |                                                                                                            |
|                             |            |                                                        |                                                                                                            |
| Overall confidence level    | Low        |                                                        |                                                                                                            |
+-----------------------------+------------+--------------------------------------------------------+------------------------------------------------------------------------------------------------------------+


2. Settings
-----------

2.1 Environment
---------------

+-----------------------+------------------------+
| Ambient Temp (C)      | 25.0                   |
| ThetaJA (C/W)         | 11.5                   |
| Airflow (LFM)         | 250                    |
| Heat Sink             | none                   |
| ThetaSA (C/W)         | 0.0                    |
| Board Selection       | medium (10"x10")       |
| # of Board Layers     | 8to11 (8 to 11 Layers) |
| Board Temperature (C) | 25.0                   |
+-----------------------+------------------------+


2.2 Clock Constraints
---------------------

+-----------------------------------+---------------------------------------------------------------------------------------------------------------------------------------------------------+-----------------+
| Clock                             | Domain                                                                                                                                                  | Constraint (ns) |
+-----------------------------------+---------------------------------------------------------------------------------------------------------------------------------------------------------+-----------------+
| C                                 | design_1_i/gmii_to_rgmii_axis_0/U0/gmii_to_rgmii_0/U0/i_gmii_to_rgmii_block/gmii_to_rgmii_axis_gmii_to_rgmii_0_0_core/i_gmii_to_rgmii/i_gmii_to_rgmii/C |             8.0 |
| C_1                               | design_1_i/gmii_to_rgmii_axis_0/U0/gmii_to_rgmii_1/U0/gmii_to_rgmii_axis_gmii_to_rgmii_1_0_core/i_gmii_to_rgmii/i_gmii_to_rgmii/C                       |             8.0 |
| clk_10                            | design_1_i/gmii_to_rgmii_axis_0/U0/gmii_to_rgmii_0/U0/i_gmii_to_rgmii_axis_gmii_to_rgmii_0_0_clocking/clk_10                                            |           100.0 |
| clk_fpga_0                        | design_1_i/processing_system7_0/inst/FCLK_CLK_unbuffered[0]                                                                                             |            10.0 |
| clk_fpga_1                        | design_1_i/processing_system7_0/inst/FCLK_CLK_unbuffered[1]                                                                                             |             5.0 |
| clkfbout                          | design_1_i/gmii_to_rgmii_axis_0/U0/gmii_to_rgmii_0/U0/i_gmii_to_rgmii_axis_gmii_to_rgmii_0_0_clocking/clkfbout                                          |             5.0 |
| design_1_eth_mac_0_rgmii_rx_clk   | rgmii_port_0_rxc                                                                                                                                        |             8.0 |
| design_1_eth_mac_1_rgmii_rx_clk   | rgmii_port_1_rxc                                                                                                                                        |             8.0 |
| gmii_clk_125m_out                 | design_1_i/gmii_to_rgmii_axis_0/U0/gmii_to_rgmii_0/U0/i_gmii_to_rgmii_axis_gmii_to_rgmii_0_0_clocking/gmii_clk_125m_out                                 |             8.0 |
| gmii_to_rgmii_0_gmii_clk_25m_out  | design_1_i/gmii_to_rgmii_axis_0/U0/gmii_to_rgmii_0/U0/i_gmii_to_rgmii_axis_gmii_to_rgmii_0_0_clocking/gmii_clk_25m_out                                  |            40.0 |
| gmii_to_rgmii_0_gmii_clk_2_5m_out | design_1_i/gmii_to_rgmii_axis_0/U0/gmii_to_rgmii_0/U0/i_gmii_to_rgmii_axis_gmii_to_rgmii_0_0_clocking/gmii_clk_2_5m_out                                 |           400.0 |
+-----------------------------------+---------------------------------------------------------------------------------------------------------------------------------------------------------+-----------------+


3. Detailed Reports
-------------------

3.1 By Hierarchy
----------------

+--------------------------------------------------------------+-----------+
| Name                                                         | Power (W) |
+--------------------------------------------------------------+-----------+
| design_1_wrapper                                             |     1.702 |
|   design_1_i                                                 |     1.699 |
|     gmii_to_rgmii_axis_0                                     |     0.170 |
|       U0                                                     |     0.170 |
|         fifo_generator_1                                     |     0.007 |
|           U0                                                 |     0.007 |
|             inst_fifo_gen                                    |     0.007 |
|               gaxis_fifo.gaxisf.axisf                        |     0.007 |
|                 grf.rf                                       |     0.007 |
|                   gntv_or_sync_fifo.gcx.clkx                 |     0.002 |
|                     gsync_stage[1].rd_stg_inst               |    <0.001 |
|                     gsync_stage[1].wr_stg_inst               |    <0.001 |
|                     gsync_stage[2].rd_stg_inst               |    <0.001 |
|                     gsync_stage[2].wr_stg_inst               |    <0.001 |
|                   gntv_or_sync_fifo.gl0.rd                   |    <0.001 |
|                     gr1.gr1_int.rfwft                        |    <0.001 |
|                     gras.rsts                                |    <0.001 |
|                       c0                                     |    <0.001 |
|                       c1                                     |    <0.001 |
|                     rpntr                                    |    <0.001 |
|                   gntv_or_sync_fifo.gl0.wr                   |    <0.001 |
|                     gwas.gpf.wrpf                            |    <0.001 |
|                     gwas.wsts                                |    <0.001 |
|                       c1                                     |    <0.001 |
|                       c2                                     |    <0.001 |
|                     wpntr                                    |    <0.001 |
|                   gntv_or_sync_fifo.mem                      |     0.003 |
|                     gbm.gbmg.gbmga.ngecc.bmg                 |     0.003 |
|                       inst_blk_mem_gen                       |     0.003 |
|                         gnbram.gnativebmg.native_blk_mem_gen |     0.003 |
|                           valid.cstr                         |     0.003 |
|                             ramloop[1].ram.r                 |     0.003 |
|                               prim_noinit.ram                |     0.003 |
|                   rstblk                                     |    <0.001 |
|         fifo_generator_2                                     |     0.007 |
|           U0                                                 |     0.007 |
|             inst_fifo_gen                                    |     0.007 |
|               gaxis_fifo.gaxisf.axisf                        |     0.007 |
|                 grf.rf                                       |     0.007 |
|                   gntv_or_sync_fifo.gcx.clkx                 |     0.002 |
|                     gsync_stage[1].rd_stg_inst               |    <0.001 |
|                     gsync_stage[1].wr_stg_inst               |    <0.001 |
|                     gsync_stage[2].rd_stg_inst               |    <0.001 |
|                     gsync_stage[2].wr_stg_inst               |    <0.001 |
|                   gntv_or_sync_fifo.gl0.rd                   |    <0.001 |
|                     gr1.gr1_int.rfwft                        |    <0.001 |
|                     gras.gpe.rdpe                            |    <0.001 |
|                     gras.rsts                                |    <0.001 |
|                       c0                                     |    <0.001 |
|                       c1                                     |    <0.001 |
|                     rpntr                                    |    <0.001 |
|                   gntv_or_sync_fifo.gl0.wr                   |    <0.001 |
|                     gwas.wsts                                |    <0.001 |
|                       c1                                     |    <0.001 |
|                       c2                                     |    <0.001 |
|                     wpntr                                    |    <0.001 |
|                   gntv_or_sync_fifo.mem                      |     0.002 |
|                     gbm.gbmg.gbmga.ngecc.bmg                 |     0.002 |
|                       inst_blk_mem_gen                       |     0.002 |
|                         gnbram.gnativebmg.native_blk_mem_gen |     0.002 |
|                           valid.cstr                         |     0.002 |
|                             ramloop[1].ram.r                 |     0.002 |
|                               prim_noinit.ram                |     0.002 |
|                   rstblk                                     |    <0.001 |
|         fifo_generator_3                                     |     0.006 |
|           U0                                                 |     0.006 |
|             inst_fifo_gen                                    |     0.006 |
|               gaxis_fifo.gaxisf.axisf                        |     0.006 |
|                 grf.rf                                       |     0.006 |
|                   gntv_or_sync_fifo.gcx.clkx                 |     0.002 |
|                     gsync_stage[1].rd_stg_inst               |    <0.001 |
|                     gsync_stage[1].wr_stg_inst               |    <0.001 |
|                     gsync_stage[2].rd_stg_inst               |    <0.001 |
|                     gsync_stage[2].wr_stg_inst               |    <0.001 |
|                   gntv_or_sync_fifo.gl0.rd                   |    <0.001 |
|                     gr1.gr1_int.rfwft                        |    <0.001 |
|                     gras.gpe.rdpe                            |    <0.001 |
|                     gras.rsts                                |    <0.001 |
|                       c0                                     |    <0.001 |
|                       c1                                     |    <0.001 |
|                     rpntr                                    |    <0.001 |
|                   gntv_or_sync_fifo.gl0.wr                   |    <0.001 |
|                     gwas.wsts                                |    <0.001 |
|                       c1                                     |    <0.001 |
|                       c2                                     |    <0.001 |
|                     wpntr                                    |    <0.001 |
|                   gntv_or_sync_fifo.mem                      |     0.002 |
|                     gbm.gbmg.gbmga.ngecc.bmg                 |     0.002 |
|                       inst_blk_mem_gen                       |     0.002 |
|                         gnbram.gnativebmg.native_blk_mem_gen |     0.002 |
|                           valid.cstr                         |     0.002 |
|                             ramloop[1].ram.r                 |     0.002 |
|                               prim_noinit.ram                |     0.002 |
|                   rstblk                                     |    <0.001 |
|         gmii_0_rx_fifo                                       |     0.005 |
|           U0                                                 |     0.005 |
|             inst_fifo_gen                                    |     0.005 |
|               gaxis_fifo.gaxisf.axisf                        |     0.005 |
|                 grf.rf                                       |     0.005 |
|                   gntv_or_sync_fifo.gcx.clkx                 |     0.002 |
|                     gsync_stage[1].rd_stg_inst               |    <0.001 |
|                     gsync_stage[1].wr_stg_inst               |    <0.001 |
|                     gsync_stage[2].rd_stg_inst               |    <0.001 |
|                     gsync_stage[2].wr_stg_inst               |    <0.001 |
|                   gntv_or_sync_fifo.gl0.rd                   |    <0.001 |
|                     gr1.gr1_int.rfwft                        |    <0.001 |
|                     gras.rsts                                |    <0.001 |
|                       c0                                     |    <0.001 |
|                       c1                                     |    <0.001 |
|                     rpntr                                    |    <0.001 |
|                   gntv_or_sync_fifo.gl0.wr                   |    <0.001 |
|                     gwas.gpf.wrpf                            |    <0.001 |
|                     gwas.wsts                                |    <0.001 |
|                       c1                                     |    <0.001 |
|                       c2                                     |    <0.001 |
|                     wpntr                                    |    <0.001 |
|                   gntv_or_sync_fifo.mem                      |    <0.001 |
|                     gbm.gbmg.gbmga.ngecc.bmg                 |    <0.001 |
|                       inst_blk_mem_gen                       |    <0.001 |
|                         gnbram.gnativebmg.native_blk_mem_gen |    <0.001 |
|                           valid.cstr                         |    <0.001 |
|                             ramloop[1].ram.r                 |    <0.001 |
|                               prim_noinit.ram                |    <0.001 |
|                   rstblk                                     |    <0.001 |
|         gmii_to_rgmii_0                                      |     0.126 |
|           U0                                                 |     0.126 |
|             i_gmii_to_rgmii_axis_gmii_to_rgmii_0_0_clocking  |     0.107 |
|             i_gmii_to_rgmii_axis_gmii_to_rgmii_0_0_resets    |    <0.001 |
|               idelayctrl_reset_gen                           |    <0.001 |
|             i_gmii_to_rgmii_block                            |     0.019 |
|               gmii_to_rgmii_axis_gmii_to_rgmii_0_0_core      |     0.008 |
|                 i_gmii_to_rgmii                              |     0.008 |
|                   i_MANAGEMENT                               |    <0.001 |
|                     MDIO_INTERFACE_1                         |    <0.001 |
|                     SYNC_MDC                                 |    <0.001 |
|                     SYNC_MDIO_IN                             |    <0.001 |
|                   i_gmii_to_rgmii                            |     0.006 |
|                     i_reset_sync_rx_reset                    |    <0.001 |
|                     i_reset_sync_tx_reset                    |    <0.001 |
|                   i_reset_sync_mgmt_reset                    |    <0.001 |
|                   i_reset_sync_rx_reset                      |    <0.001 |
|                   i_reset_sync_tx_reset                      |    <0.001 |
|         gmii_to_rgmii_1                                      |     0.018 |
|           U0                                                 |     0.018 |
|             gmii_to_rgmii_axis_gmii_to_rgmii_1_0_core        |     0.008 |
|               i_gmii_to_rgmii                                |     0.008 |
|                 i_MANAGEMENT                                 |    <0.001 |
|                   MDIO_INTERFACE_1                           |    <0.001 |
|                   SYNC_MDC                                   |    <0.001 |
|                   SYNC_MDIO_IN                               |    <0.001 |
|                 i_gmii_to_rgmii                              |     0.006 |
|                   i_reset_sync_rx_reset                      |    <0.001 |
|                   i_reset_sync_tx_reset                      |    <0.001 |
|                 i_reset_sync_mgmt_reset                      |    <0.001 |
|                 i_reset_sync_rx_reset                        |    <0.001 |
|                 i_reset_sync_tx_reset                        |    <0.001 |
|         link_status_and_gate                                 |    <0.001 |
|         not_gate_full_fifo_0                                 |     0.000 |
|         not_gate_full_fifo_1                                 |     0.000 |
|         or_gate_wr_en_fifo_0                                 |    <0.001 |
|         or_gate_wr_en_fifo_1                                 |    <0.001 |
|         util_vector_logic_0                                  |    <0.001 |
|         util_vector_logic_1                                  |     0.000 |
|         util_vector_logic_2                                  |     0.000 |
|     processing_system7_0                                     |     1.530 |
|       inst                                                   |     1.530 |
|     ref_clk_fsel_RnM                                         |     0.000 |
|     ref_clk_oe_RnM                                           |     0.000 |
|     util_reduced_logic_0                                     |     0.000 |
|     util_reduced_logic_1                                     |     0.000 |
+--------------------------------------------------------------+-----------+


